============================= test session starts =============================
platform win32 -- Python 3.12.6, pytest-8.3.4, pluggy-1.6.0 -- C:\Program Files\Python312\python.exe
cachedir: .pytest_cache
hypothesis profile 'default'
metadata: {'Python': '3.12.6', 'Platform': 'Windows-11-10.0.26200-SP0', 'Packages': {'pytest': '8.3.4', 'pluggy': '1.6.0'}, 'Plugins': {'anyio': '4.14.0', 'hypothesis': '6.155.6', 'html': '4.1.1', 'metadata': '3.1.1'}}
rootdir: C:\Users\jacob\OneDrive\Desktop\WATT-IF
configfile: pytest.ini
plugins: anyio-4.14.0, hypothesis-6.155.6, html-4.1.1, metadata-3.1.1
collecting ... collected 133 items

tests/selenium/test_account.py::test_ACT_01_valid_registration PASSED    [  0%]
tests/selenium/test_account.py::test_ACT_02_duplicate_email PASSED       [  1%]
tests/selenium/test_account.py::test_ACT_03_short_password PASSED        [  2%]
tests/selenium/test_account.py::test_ACT_04_password_mismatch PASSED     [  3%]
tests/selenium/test_account.py::test_ACT_05_invalid_email_format FAILED  [  3%]
